// Jest Snapshot v1, https://goo.gl/fbAQLP

exports[`Lobby should render correctly 1`] = `
<div>
  <div
    class="flex flex-row h-[5vh] justify-between p-4 secondary"
  >
    <div
      class="w-1/5 flex items-center"
    >
      <div
        class="flex flex-row cursor-pointer"
      >
        <img
          alt="logo"
          class="mr-4"
          data-nimg="1"
          data-testid="logo"
          decoding="async"
          height="21"
          loading="lazy"
          src="/_next/image?url=%2Flogo.png&w=32&q=75"
          srcset="/_next/image?url=%2Flogo.png&w=16&q=75 1x, /_next/image?url=%2Flogo.png&w=32&q=75 2x"
          style="color: transparent;"
          width="16"
        />
        <h1
          class="text-white"
          data-testid="headline"
        >
          Planning Poker
        </h1>
      </div>
    </div>
    <div
      class="w-3/5 flex items-center justify-center"
    >
      <h1
        class="text-white"
        data-testid="lobby-name"
      />
    </div>
    <div
      class="flex flex-row justify-end w-1/5 items-center"
    >
      <h3
        class="text-white mr-8 ml-8"
      >
        Test
      </h3>
      <div
        class="grid place-items-center h-full relative"
        data-testid="theme-switcher"
      >
        <input
          class="hidden toggle--checkbox"
          data-testid="theme-switcher-toggle"
          id="toggle"
          type="checkbox"
        />
        <label
          class="toggle--label"
          data-testid="theme-switcher-label"
          for="toggle"
        >
          <span
            class="toggle--label-background"
            data-testid="theme-switcher-label-background"
          />
        </label>
      </div>
      <button
        class="btn ml-8"
      >
        Leave
      </button>
    </div>
  </div>
  <div
    class="flex flex-row h-[79vh] w-full"
  >
    <div
      class="w-1/5 flex flex-col m-8"
      data-testid="lobby-info"
    >
      <button
        class="btn w-3/4 mb-4"
      >
        Copy Invite Link
      </button>
      <h1>
        <b>
          Lobby:
        </b>
         
      </h1>
      <h3>
        <b>
          Id:
        </b>
         
        1234
      </h3>
    </div>
    <div
      class="w-3/5 flex flex-col items-center justify-evenly"
      data-testid="lobby-players"
    >
      <div
        class="h-1/4 w-1/2 flex flex-row justify-evenly items-end"
      />
      <div
        class="flex flex-row h-1/3 w-full justify-evenly"
      >
        <div
          class="h-full w-1/5 flex flex-col items-center justify-evenly"
        />
        <div
          class="border-4 w-1/2 h-full rounded-xl flex flex-col items-center justify-center border-secondary"
        >
          <p
            class="text-center"
          >
            Waiting for an admin to start the next round
          </p>
        </div>
        <div
          class="h-full w-1/5 flex flex-col items-center justify-evenly"
        />
      </div>
      <div
        class="h-1/4 w-1/2 flex flex-row justify-evenly items-end"
      />
    </div>
    <div
      class="w-1/5 flex flex-col items-center"
    >
      <div
        class="flex flex-col w-2/3"
        data-testid="lobby-users"
      >
        <h1
          class="text-center m-4"
        >
          <b>
            Connected Users
          </b>
        </h1>
      </div>
    </div>
  </div>
  <div
    class="flex flex-row justify-around items-center h-[16vh] ml-[5vw] mr-[5vw] overflow-hidden"
    data-testid="card-collection"
  />
</div>
`;
